exports[`test HomeContainer renders correctly 1`] = `<div />`;
