// Jest Snapshot v1, https://goo.gl/fbAQLP

exports[`SeriesDescription renders with data 1`] = `
<div
  className="series-description__parent"
>
  <div
    className="series-description"
  >
    <div
      className="series-description__series-logo series-description__flex-child"
    >
      <img
        alt="sponsor logo"
        className="series-description__logo-img"
        src="u1"
      />
    </div>
    <div
      className="series-description__description series-description__flex-child"
    >
      aaa
    </div>
    <div
      className="series-description__right-wrapper series-description__flex-child"
    >
      <div
        className="series-description__sponsor-logo"
      >
        <img
          alt="sponsor logo"
          className="series-description__logo-img"
          src="u2"
        />
      </div>
      <div
        className="series-description__watchnow-btn"
        role="button"
        to="/"
      >
        Watch now
      </div>
    </div>
  </div>
</div>
`;
