exports[`test EpisodeCardsContainer renders correctly 1`] = `
<div
  className="episode-cards">
  <h1
    className="episode-cards__title">
    Recommended
  </h1>
  <div
    className="episode-cards__wrapper" />
</div>
`;
