exports[`VideoPlayerContainer renders correctly 1`] = `
<div
  className="video-player-container" />
`;
