exports[`test Nav renders correctly 1`] = `
<div>
  <ul>
    <li>
      <a
        onClick={[Function]}
        style={Object {}}>
        Home
      </a>
    </li>
    <li>
      <a
        onClick={[Function]}
        style={Object {}}>
        about
      </a>
    </li>
  </ul>
</div>
`;
