// Jest Snapshot v1, https://goo.gl/fbAQLP

exports[`SeriesContainer renders correctly with data 1`] = `null`;

exports[`SeriesContainer renders correctly without data 1`] = `null`;
