exports[`test EpisodeDetail renders correctly 1`] = `
<div
  className="episode-detail">
  <div
    className="episode-top-row">
    <div
      className="episode-watch">
      <div
        className="episode-video" />
      <div
        className="watchnow-button">
        Watch now
      </div>
    </div>
    <div
      className="episode-description">
      <h3
        className="episode-description-date">
        Episode date
      </h3>
      <h1
        className="episode-description-title">
        Title of the Episode
      </h1>
      <p
        className="episode-description-text">
        Maecenas sed diam eget risus varius blandit sit amet non magna. Aenean eu leo quam. Pellentesque ornare sem lacinia quam venenatis vestibilum. Nullam id dolor id nibh ultricies vehicula ut id elit. Nullam quis risus eget urna mollis ornare vel eu leo. Aenean eu leo quam.
      </p>
    </div>
  </div>
  <div
    className="episode-tiles">
    <h1
      className="episode-tiles-title">
      Recommended
    </h1>
    <div
      className="episode-tile" />
    <div
      className="episode-tile" />
    <div
      className="episode-tile" />
    <div
      className="episode-tile" />
  </div>
</div>
`;
