exports[`test EpisodeDetail renders correctly 1`] = `
<div
  className="episode-detail">
  <div
    className="episode-detail__details">
    <div
      className="episode-watch">
      <div
        className="episode-watch__video"
        style={
          Object {
            "background": "#000 url(\"\") center/cover no-repeat",
          }
        } />
      <button
        className="episode-watch__watchnow-button">
        Watch now
      </button>
    </div>
    <div
      className="episode-description">
      <h3
        className="episode-description__date">
        ...loading...
      </h3>
      <h1
        className="episode-description__title">
        ...loading...
      </h1>
      <p
        className="episode-description__text">
        ...loading...
      </p>
    </div>
  </div>
  <div
    className="episode-detail__cards">
    <div
      className="episode-cards">
      <h1
        className="episode-cards__title">
        Recommended
      </h1>
      <div
        className="episode-cards__wrapper" />
    </div>
  </div>
</div>
`;
