exports[`test EpisodeTile renders correctly 1`] = `
<div
  className="episode-tile" />
`;
